这是一个测试文档，包含一些数学公式：

行内公式：$E = mc^2$ 是著名的质能方程。

块级公式：
$$

\frac{d}{dx}(x^n) = nx^{n-1}

$$

另一个块级公式：
$$

\int_{a}^{b} f(x) dx = F(b) - F(a)

$$

这里是一个行内公式 $a^2 + b^2 = c^2$ 和另一个块级公式：
$$

\sum_{i=1}^{n} i = \frac{n(n+1)}{2}

$$ 